// Jest Snapshot v1, https://goo.gl/fbAQLP

exports[`renders correctly 1`] = `
<div
  className="flex justify-center items-center"
>
  <div>
    Loading...
  </div>
  <div
    className="spinner-border animate-spin inline-block w-8 h-8 border-4 rounded-full"
    role="status"
  />
</div>
`;
